set -xeuo pipefail
export "PATH=$PATH:/sbin:/usr/local/bin:/opt/bin"

sudo swapoff -a
sudo sed -i '/.*swap.*/d' /etc/fstab
sudo systemctl disable --now ufw || true

source /etc/kubeone/proxy-env


cat <<EOF | sudo tee /etc/modules-load.d/containerd.conf
overlay
br_netfilter
ip_tables
EOF
sudo modprobe overlay
sudo modprobe br_netfilter
sudo modprobe ip_tables
if modinfo nf_conntrack_ipv4 &> /dev/null; then
	sudo modprobe nf_conntrack_ipv4
else
	sudo modprobe nf_conntrack
fi
sudo mkdir -p /etc/sysctl.d
cat <<EOF | sudo tee /etc/sysctl.d/k8s.conf
fs.inotify.max_user_watches         = 1048576
kernel.panic                        = 10
kernel.panic_on_oops                = 1
net.bridge.bridge-nf-call-ip6tables = 1
net.bridge.bridge-nf-call-iptables  = 1
net.ipv4.ip_forward                 = 1
net.netfilter.nf_conntrack_max      = 1000000
vm.overcommit_memory                = 1
EOF
cat <<EOF | sudo tee /etc/sysctl.d/99-zzz-override_cilium.conf
# Disable rp_filter on ALL interfaces since it may cause mangled packets to be dropped
# https://github.com/cilium/cilium/blob/v1.11.1/pkg/datapath/loader/base.go#L244
net.ipv4.conf.all.rp_filter = 0
EOF

sudo sysctl --system


sudo mkdir -p /etc/systemd/journald.conf.d
cat <<EOF | sudo tee /etc/systemd/journald.conf.d/max_disk_use.conf
[Journal]
SystemMaxUse=5G
EOF
sudo systemctl force-reload systemd-journald


sudo mkdir -p /etc/apt/apt.conf.d
cat <<EOF | sudo tee /etc/apt/apt.conf.d/proxy.conf
Acquire::https::Proxy "http://https.proxy";
Acquire::http::Proxy "http://http.proxy";
EOF

update_pid="$(lsof | grep ' /var/lib/apt/lists/lock' || true)"
if [ ! -z "$update_pid" ]; then
	# make sure that no other update process is running in the background
	lsof -t /var/lib/apt/lists/lock | xargs -r sudo kill
fi

sudo apt-get -oDebug::pkgAcquire::Worker=1 update
sudo DEBIAN_FRONTEND=noninteractive apt-get install --option "Dpkg::Options::=--force-confold" -y --no-install-recommends \
	apt-transport-https \
	ca-certificates \
	curl \
	gnupg \
	lsb-release \
	rsync
get_return_code_from_uri() {
	return $((curl -s -o /dev/null -w "%{http_code}" $1))
}

primary_k8s_apt_key_uri="https://packages.cloud.google.com/apt/doc/apt-key.gpg"
backup_k8s_apt_key_uri="https://dl.k8s.io/apt/doc/apt-key.gpg"

if [ "$(get_return_code_from_uri $primary_k8s_apt_key_uri)" != "200" ]; then
	echo "Add $primary_k8s_apt_key_uri to apt key store"
	curl -fsSL $primary_k8s_apt_key_uri | sudo apt-key add -
else
	if [ "$(get_return_code_from_uri $backup_k8s_apt_key_uri)" != "200" ]; then
		echo "Add $backup_k8s_apt_key_uri to apt key store"
		curl -fsSL $backup_k8s_apt_key_uri | sudo apt-key add -
	else
		echo "We can not reach '$primary_k8s_apt_key_uri' and '$backup_k8s_apt_key_uri'"
		exit 1
	fi
fi

# You'd think that kubernetes-$(lsb_release -sc) belongs there instead, but the debian repo
# contains neither kubeadm nor kubelet, and the docs themselves suggest using xenial repo.
echo "deb http://apt.kubernetes.io/ kubernetes-xenial main" | sudo tee /etc/apt/sources.list.d/kubernetes.list

update_pid="$(lsof | grep ' /var/lib/apt/lists/lock' || true)"
if [ ! -z "$update_pid" ]; then
	# make sure that no other update process is running in the background
	lsof -t /var/lib/apt/lists/lock | xargs -r sudo kill
fi

sudo apt-get -oDebug::pkgAcquire::Worker=1 update

kube_ver="1.26.0*"
cni_ver="1.2.0*"
cri_ver="1.26.0*"





sudo DEBIAN_FRONTEND=noninteractive apt-get install \
	--option "Dpkg::Options::=--force-confold" \
	--no-install-recommends \
	-y \
	kubelet=${kube_ver} \
	kubeadm=${kube_ver} \
	kubectl=${kube_ver} \
	kubernetes-cni=${cni_ver} \
	cri-tools=${cri_ver}

sudo apt-mark hold kubelet kubeadm kubectl kubernetes-cni cri-tools

sudo systemctl daemon-reload
sudo systemctl enable --now kubelet
sudo systemctl restart kubelet
